
   [38;2;58;57;67m───────────────────────────────────────────────────────────────────────────────────────────────────────[m  [38;2;107;80;255m╱╱╱╱╱╱╱╱╱╱╱╱╱╱╱╱╱╱╱╱╱╱╱[m
                                                                                                            [38;2;107;80;255m╱╱╱╱╱╱╱╱╱╱╱╱╱╱╱╱╱╱╱╱╱╱╱[m
 [38;2;107;80;255m│[m  [38;2;199;210;222mWhat does the status line show?                                                                      [m   [38;2;255;96;255m rave-soft[m        [38;2;107;80;255mdevel[m
                                                                                                            [38;2;255;96;255m█[38;2;250;95;255m▀[38;2;244;94;255m▀[38;2;238;94;255m▄[38;2;232;93;255m [38;2;227;92;255m█[38;2;221;91;255m▀[38;2;215;91;255m▀[38;2;209;90;255m▀[38;2;202;89;255m▄[38;2;196;88;255m [38;2;190;88;255m▄[38;2;183;87;255m▀[38;2;177;86;255m▀[38;2;170;85;255m▀[38;2;163;85;255m▄[38;2;156;84;255m [38;2;149;83;255m█[38;2;141;83;255m [38;2;133;82;255m█[38;2;125;81;255m▀[38;2;116;80;255m▀[38;2;107;80;255m▄[m
   [48;2;32;31;39m [38;2;199;210;222mFocus, agent state, and keybindings.                                                                 [39m [m  [38;2;255;96;255m█[38;2;250;95;255m█[38;2;244;94;255m█[38;2;238;94;255m▄[38;2;232;93;255m [38;2;227;92;255m█[38;2;221;91;255m▀[38;2;215;91;255m▀[38;2;209;90;255m▀[38;2;202;89;255m▄[38;2;196;88;255m [38;2;190;88;255m█[38;2;183;87;255m▀[38;2;177;86;255m▀[38;2;170;85;255m▀[38;2;163;85;255m█[38;2;156;84;255m [38;2;149;83;255m█[38;2;141;83;255m [38;2;133;82;255m█[38;2;125;81;255m [38;2;116;80;255m [38;2;107;80;255m█[m
                                                                                                            [38;2;255;96;255m▀[38;2;250;95;255m▀[38;2;244;94;255m▀[38;2;238;94;255m▀[38;2;232;93;255m [38;2;227;92;255m▀[38;2;221;91;255m [38;2;215;91;255m [38;2;209;90;255m [38;2;202;89;255m▀[38;2;196;88;255m [38;2;190;88;255m▀[38;2;183;87;255m [38;2;177;86;255m [38;2;170;85;255m [38;2;163;85;255m▀[38;2;156;84;255m [38;2;149;83;255m▀[38;2;141;83;255m [38;2;133;82;255m▀[38;2;125;81;255m▀[38;2;116;80;255m▀[38;2;107;80;255m▀[m
                                                                                                            [38;2;107;80;255m╱╱╱╱╱╱╱╱╱╱╱╱╱╱╱╱╱╱╱╱╱╱╱[m

                                                                                                            [38;2;126;139;153mLoaded Session[m

                                                                                                            [38;2;126;139;153m/tmp[m

                                                                                                            [38;2;87;98;110m◇[m
                                                                                                              [38;2;126;139;153m0%[m [38;2;87;98;110m(0)[m [38;2;126;139;153m$0.00[m

                                                                                                            [38;2;87;98;110mBackground Jobs[m [38;2;58;57;67m─────────────[m
                                                                                                            [38;2;126;139;153mActive[m [38;2;87;98;110m0/50[m

                                                                                                            [38;2;87;98;110mModified Files[m [38;2;58;57;67m──────────────[m

                                                                                                            [38;2;87;98;110mNone[m

                                                                                                            [38;2;87;98;110mLSPs[m [38;2;58;57;67m────────────────────────[m

                                                                                                            [38;2;87;98;110mNone[m

                                                                                                            [38;2;87;98;110mMCPs[m [38;2;58;57;67m────────────────────────[m

                                                                                                            [38;2;87;98;110mNone[m

                                                                                                            [38;2;87;98;110mSkills[m [38;2;58;57;67m──────────────────────[m

                                                                                                            [38;2;18;199;143m●[m [38;2;126;139;153mbraid-config[m
                                                                                                            [38;2;18;199;143m●[m [38;2;126;139;153mbraid-hooks[m
                                                                                                            [38;2;18;199;143m●[m [38;2;126;139;153mjq[m
                                                                                                            [38;2;18;199;143m●[m [38;2;126;139;153mtasks[m
                                                                                                            [38;2;18;199;143m●[m [38;2;126;139;153mthreads[m


 [38;2;87;98;110m──────────────────────────────────────────────────────────────────────────────────────────────────────────[m
 [38;2;139;117;255m  [38;2;87;98;110mReady![38;2;228;235;243m                                                                                                  [m
 [38;2;87;98;110m──────────────────────────────────────────────────────────────────────────────────────────────────────────[m
 [38;2;126;139;153m/ or ctrl+p[m [38;2;87;98;110mcommands[38;2;58;57;67m • [38;2;126;139;153mctrl+l[m [38;2;87;98;110mmodels[38;2;58;57;67m • [38;2;126;139;153mctrl+j[m [38;2;87;98;110mnewline[38;2;58;57;67m • [38;2;126;139;153mctrl+c[m [38;2;87;98;110mquit[38;2;58;57;67m • [38;2;126;139;153mctrl+g[m [38;2;87;98;110mmore[m
