
   [38;2;35;42;50m───────────────────────────────────────────────────────────────────────────────────────────────────────[m  [38;2;74;143;168m╱╱╱╱╱╱╱╱╱╱╱╱╱╱╱╱╱╱╱╱╱╱╱[m
                                                                                                            [38;2;74;143;168m╱╱╱╱╱╱╱╱╱╱╱╱╱╱╱╱╱╱╱╱╱╱╱[m
 [38;2;74;143;168m│[m  [38;2;199;210;222mWhat does the status line show?                                                                      [m   [38;2;110;203;214m rave-soft[m        [38;2;74;143;168mdevel[m
                                                                                                            [38;2;110;203;214m█[38;2;108;200;212m▀[38;2;107;198;210m▀[38;2;105;195;208m▄[38;2;103;192;206m [38;2;102;189;204m█[38;2;100;186;202m▀[38;2;98;184;199m▀[38;2;97;181;197m▀[38;2;95;178;195m▄[38;2;93;175;193m [38;2;92;173;191m▄[38;2;90;170;189m▀[38;2;89;167;187m▀[38;2;87;165;185m▀[38;2;85;162;183m▄[38;2;84;159;181m [38;2;82;156;178m█[38;2;80;154;176m [38;2;79;151;174m█[38;2;77;148;172m▀[38;2;75;146;170m▀[38;2;74;143;168m▄[m
   [48;2;26;31;37m [38;2;199;210;222mFocus, agent state, and keybindings.                                                                 [39m [m  [38;2;110;203;214m█[38;2;108;200;212m█[38;2;107;198;210m█[38;2;105;195;208m▄[38;2;103;192;206m [38;2;102;189;204m█[38;2;100;186;202m▀[38;2;98;184;199m▀[38;2;97;181;197m▀[38;2;95;178;195m▄[38;2;93;175;193m [38;2;92;173;191m█[38;2;90;170;189m▀[38;2;89;167;187m▀[38;2;87;165;185m▀[38;2;85;162;183m█[38;2;84;159;181m [38;2;82;156;178m█[38;2;80;154;176m [38;2;79;151;174m█[38;2;77;148;172m [38;2;75;146;170m [38;2;74;143;168m█[m
                                                                                                            [38;2;110;203;214m▀[38;2;108;200;212m▀[38;2;107;198;210m▀[38;2;105;195;208m▀[38;2;103;192;206m [38;2;102;189;204m▀[38;2;100;186;202m [38;2;98;184;199m [38;2;97;181;197m [38;2;95;178;195m▀[38;2;93;175;193m [38;2;92;173;191m▀[38;2;90;170;189m [38;2;89;167;187m [38;2;87;165;185m [38;2;85;162;183m▀[38;2;84;159;181m [38;2;82;156;178m▀[38;2;80;154;176m [38;2;79;151;174m▀[38;2;77;148;172m▀[38;2;75;146;170m▀[38;2;74;143;168m▀[m
                                                                                                            [38;2;74;143;168m╱╱╱╱╱╱╱╱╱╱╱╱╱╱╱╱╱╱╱╱╱╱╱[m

                                                                                                            [38;2;126;139;153mLoaded Session[m

                                                                                                            [38;2;126;139;153m/tmp[m

                                                                                                            [38;2;87;98;110m◇[m
                                                                                                              [38;2;126;139;153m0%[m [38;2;87;98;110m(0)[m [38;2;126;139;153m$0.00[m

                                                                                                            [38;2;87;98;110mBackground Jobs[m [38;2;35;42;50m─────────────[m
                                                                                                            [38;2;126;139;153mActive[m [38;2;87;98;110m0/50[m

                                                                                                            [38;2;87;98;110mModified Files[m [38;2;35;42;50m──────────────[m

                                                                                                            [38;2;87;98;110mNone[m

                                                                                                            [38;2;87;98;110mLSPs[m [38;2;35;42;50m────────────────────────[m

                                                                                                            [38;2;87;98;110mNone[m

                                                                                                            [38;2;87;98;110mMCPs[m [38;2;35;42;50m────────────────────────[m

                                                                                                            [38;2;87;98;110mNone[m

                                                                                                            [38;2;87;98;110mSkills[m [38;2;35;42;50m──────────────────────[m

                                                                                                            [38;2;110;158;124m●[m [38;2;126;139;153mbraid-config[m
                                                                                                            [38;2;110;158;124m●[m [38;2;126;139;153mbraid-hooks[m
                                                                                                            [38;2;110;158;124m●[m [38;2;126;139;153mjq[m
                                                                                                            [38;2;110;158;124m●[m [38;2;126;139;153mtasks[m
                                                                                                            [38;2;110;158;124m●[m [38;2;126;139;153mthreads[m


 [38;2;87;98;110m──────────────────────────────────────────────────────────────────────────────────────────────────────────[m
 [38;2;95;179;196m  [38;2;87;98;110mReady![38;2;228;235;243m                                                                                                  [m
 [38;2;87;98;110m──────────────────────────────────────────────────────────────────────────────────────────────────────────[m
 [38;2;126;139;153m/ or ctrl+p[m [38;2;87;98;110mcommands[38;2;35;42;50m • [38;2;126;139;153mctrl+l[m [38;2;87;98;110mmodels[38;2;35;42;50m • [38;2;126;139;153mctrl+j[m [38;2;87;98;110mnewline[38;2;35;42;50m • [38;2;126;139;153mctrl+c[m [38;2;87;98;110mquit[38;2;35;42;50m • [38;2;126;139;153mctrl+g[m [38;2;87;98;110mmore[m
